@prefix owl:   <http://www.w3.org/2002/07/owl#> .
@prefix rdf:   <http://www.w3.org/1999/02/22-rdf-syntax-ns#> .
@prefix ifc:   <http://drumbeat.cs.hut.fi/owl/ifc4_add1#> .
@prefix xsd:   <http://www.w3.org/2001/XMLSchema#> .
@prefix rdfs:  <http://www.w3.org/2000/01/rdf-schema#> .
@prefix expr:  <http://drumbeat.cs.hut.fi/owl/EXPRESS#> .

expr:hasBinary  a           owl:FunctionalDataProperty , owl:DatatypeProperty ;
        rdfs:domain         expr:BINARY ;
        rdfs:range          xsd:hexBinary ;
        rdfs:subPropertyOf  expr:hasValue .

expr:BINARY  a           owl:Class ;
        rdfs:subClassOf  [ a                owl:Restriction ;
                           owl:cardinality  "1"^^xsd:int ;
                           owl:onProperty   expr:hasBinary
                         ] ;
        rdfs:subClassOf  [ a                  owl:Restriction ;
                           owl:allValuesFrom  xsd:hexBinary ;
                           owl:onProperty     expr:hasBinary
                         ] .
