@prefix owl:   <http://www.w3.org/2002/07/owl#> .
@prefix rdf:   <http://www.w3.org/1999/02/22-rdf-syntax-ns#> .
@prefix ifc:   <http://drumbeat.cs.hut.fi/owl/ifc4_add1#> .
@prefix xsd:   <http://www.w3.org/2001/XMLSchema#> .
@prefix rdfs:  <http://www.w3.org/2000/01/rdf-schema#> .
@prefix expr:  <http://drumbeat.cs.hut.fi/owl/EXPRESS#> .

expr:hasSetItem  a   owl:ObjectProperty ;
        rdfs:domain  ifc:IfcPropertySetDefinitionSet ;
        rdfs:range   ifc:IfcPropertySetDefinition .

ifc:IfcPropertySetDefinitionSet
        a                owl:Class ;
        rdfs:subClassOf  expr:Set ;
        rdfs:subClassOf  [ a                   owl:Restriction ;
                           owl:minCardinality  "1"^^xsd:int ;
                           owl:onProperty      expr:hasSetItem
                         ] ;
        rdfs:subClassOf  [ a                  owl:Restriction ;
                           owl:allValuesFrom  ifc:IfcPropertySetDefinition ;
                           owl:onProperty     expr:hasSetItem
                         ] .
