@prefix owl:   <http://www.w3.org/2002/07/owl#> .
@prefix rdf:   <http://www.w3.org/1999/02/22-rdf-syntax-ns#> .
@prefix ifc:   <http://drumbeat.cs.hut.fi/owl/ifc4_add1#> .
@prefix xsd:   <http://www.w3.org/2001/XMLSchema#> .
@prefix rdfs:  <http://www.w3.org/2000/01/rdf-schema#> .
@prefix expr:  <http://drumbeat.cs.hut.fi/owl/EXPRESS#> .

expr:hasNext  a      owl:FunctionalProperty , owl:ObjectProperty ;
        rdfs:domain  ifc:IfcCompoundPlaneAngleMeasure ;
        rdfs:range   ifc:INTEGER_List .

expr:hasContent  a   owl:FunctionalProperty , owl:ObjectProperty ;
        rdfs:domain  ifc:IfcCompoundPlaneAngleMeasure ;
        rdfs:range   expr:INTEGER .

ifc:IfcCompoundPlaneAngleMeasure
        a                owl:Class ;
        rdfs:subClassOf  expr:EmptyList , ifc:IfcCompoundPlaneAngleMeasure , expr:List ;
        rdfs:subClassOf  [ a                owl:Restriction ;
                           owl:cardinality  "1"^^xsd:int ;
                           owl:onProperty   expr:hasNext
                         ] ;
        rdfs:subClassOf  [ a                  owl:Restriction ;
                           owl:allValuesFrom  ifc:INTEGER_List ;
                           owl:onProperty     expr:hasNext
                         ] ;
        rdfs:subClassOf  [ a                   owl:Restriction ;
                           owl:maxCardinality  "1"^^xsd:int ;
                           owl:onProperty      expr:hasContent
                         ] ;
        rdfs:subClassOf  [ a                   owl:Restriction ;
                           owl:minCardinality  "0"^^xsd:int ;
                           owl:onProperty      expr:hasContent
                         ] ;
        rdfs:subClassOf  [ a                  owl:Restriction ;
                           owl:allValuesFrom  expr:INTEGER ;
                           owl:onProperty     expr:hasContent
                         ] .
